cargo :    Compiling 
proc-macro2 v1.0.106
At line:1 char:1
+ cargo test > 
test_output.txt 2>&1
+ ~~~~~~~~~~~~~~~~~~~~~
~~~~~~~~~~~~
    + CategoryInfo     
         : NotSpecifi  
  ed: (   Compiling    
 proc-macro2 v1.0.1    
06:String) [], Rem    
oteException
    + FullyQualifiedEr 
   rorId : NativeComm  
  andError
 
   Compiling quote 
v1.0.45
   Compiling typenum 
v1.19.0
   Compiling 
serde_core v1.0.228
   Compiling serde 
v1.0.228
   Compiling zmij 
v1.0.21
   Compiling 
serde_json v1.0.149
   Compiling 
generic-array v0.14.9
   Compiling rand_core 
v0.6.4
   Compiling 
ident_case v1.0.1
   Compiling 
num-traits v0.2.19
   Compiling zerocopy 
v0.8.42
   Compiling 
cpufeatures v0.2.17
error: linking with 
`link.exe` failed: 
exit code: 1
  |
  = note: "link.exe" 
"/NOLOGO" "C:\\Users\\S
HIVAM~1\\AppData\\Local
\\Temp\\rustcTsFEs8\\sy
mbols.o" "<2 object 
files omitted>" 
"D:\\Gihtub Main\\Orbit
Pay\\stellar-payment-da
pp\\target\\debug\\deps
/libautocfg-713c8d363d9
980d8.rlib" "<sysroot>\
\lib\\rustlib\\x86_64-p
c-windows-msvc\\lib/{li
bstd-*,libpanic_unwind-
*,libcfg_if-*,libwindow
s_targets-*,librustc_de
mangle-*,libstd_detect-
*,libhashbrown-*,librus
tc_std_workspace_alloc-
*,libunwind-*,librustc_
std_workspace_core-*,li
balloc-*,libcore-*,libc
ompiler_builtins-*}.rli
b" "kernel32.lib" 
"kernel32.lib" 
"kernel32.lib" 
"ntdll.lib" 
"userenv.lib" 
"ws2_32.lib" 
"dbghelp.lib" 
"/defaultlib:msvcrt" 
"/NXCOMPAT" 
"/OUT:D:\\Gihtub Main\\
OrbitPay\\stellar-payme
nt-dapp\\target\\debug\
\build\\num-traits-7c97
0f87be75893b\\build_scr
ipt_build-7c970f87be758
93b.exe" 
"/OPT:REF,NOICF" 
"/DEBUG" 
"/PDBALTPATH:%_PDB%" "/
NATVIS:<sysroot>\\lib\\
rustlib\\etc\\intrinsic
.natvis" "/NATVIS:<sysr
oot>\\lib\\rustlib\\etc
\\liballoc.natvis" "/NA
TVIS:<sysroot>\\lib\\ru
stlib\\etc\\libcore.nat
vis" "/NATVIS:<sysroot>
\\lib\\rustlib\\etc\\li
bstd.natvis"
  = note: some 
arguments are omitted. 
use `--verbose` to 
show all linker 
arguments
  = note: link: extra 
operand 'D:\\Gihtub Mai
n\\OrbitPay\\stellar-pa
yment-dapp\\target\\deb
ug\\build\\num-traits-7
c970f87be75893b\\build_
script_build-7c970f87be
75893b.build_script_bui
ld.9cb61dca002a5f47-cgu
.0.rcgu.o'
          Try 'link 
--help' for more 
information.
          

error: linking with 
`link.exe` failed: 
exit code: 1
  |
  = note: "link.exe" 
"/NOLOGO" "C:\\Users\\S
HIVAM~1\\AppData\\Local
\\Temp\\rustciJxLNv\\sy
mbols.o" "<2 object 
files omitted>" "<sysro
ot>\\lib\\rustlib\\x86_
64-pc-windows-msvc\\lib
/{libstd-*,libpanic_unw
ind-*,libcfg_if-*,libwi
ndows_targets-*,librust
c_demangle-*,libstd_det
ect-*,libhashbrown-*,li
brustc_std_workspace_al
loc-*,libunwind-*,libru
stc_std_workspace_core-
*,liballoc-*,libcore-*,
libcompiler_builtins-*}
.rlib" "kernel32.lib" 
"kernel32.lib" 
"kernel32.lib" 
"ntdll.lib" 
"userenv.lib" 
"ws2_32.lib" 
"dbghelp.lib" 
"/defaultlib:msvcrt" 
"/NXCOMPAT" 
"/OUT:D:\\Gihtub Main\\
OrbitPay\\stellar-payme
nt-dapp\\target\\debug\
\build\\quote-506f57030
0a242fa\\build_script_b
uild-506f570300a242fa.e
xe" "/OPT:REF,NOICF" 
"/DEBUG" 
"/PDBALTPATH:%_PDB%" "/
NATVIS:<sysroot>\\lib\\
rustlib\\etc\\intrinsic
.natvis" "/NATVIS:<sysr
oot>\\lib\\rustlib\\etc
\\liballoc.natvis" "/NA
TVIS:<sysroot>\\lib\\ru
stlib\\etc\\libcore.nat
vis" "/NATVIS:<sysroot>
\\lib\\rustlib\\etc\\li
bstd.natvis"
  = note: some 
arguments are omitted. 
use `--verbose` to 
show all linker 
arguments
  = note: link: extra 
operand 'D:\\Gihtub Mai
n\\OrbitPay\\stellar-pa
yment-dapp\\target\\deb
ug\\build\\quote-506f57
0300a242fa\\build_scrip
t_build-506f570300a242f
a.build_script_build.e4
654c7266047876-cgu.0.rc
gu.o'
          Try 'link 
--help' for more 
information.
          

error: linking with 
`link.exe` failed: 
exit code: 1
  |
  = note: "link.exe" 
"/NOLOGO" "C:\\Users\\S
HIVAM~1\\AppData\\Local
\\Temp\\rustc7gxToT\\sy
mbols.o" "<3 object 
files omitted>" "<sysro
ot>\\lib\\rustlib\\x86_
64-pc-windows-msvc\\lib
/{libstd-*,libpanic_unw
ind-*,libcfg_if-*,libwi
ndows_targets-*,librust
c_demangle-*,libstd_det
ect-*,libhashbrown-*,li
brustc_std_workspace_al
loc-*,libunwind-*,libru
stc_std_workspace_core-
*,liballoc-*,libcore-*,
libcompiler_builtins-*}
.rlib" "kernel32.lib" 
"kernel32.lib" 
"kernel32.lib" 
"ntdll.lib" 
"userenv.lib" 
"ws2_32.lib" 
"dbghelp.lib" 
"/defaultlib:msvcrt" 
"/NXCOMPAT" 
"/OUT:D:\\Gihtub Main\\
OrbitPay\\stellar-payme
nt-dapp\\target\\debug\
\build\\serde-892da9798
04af6df\\build_script_b
uild-892da979804af6df.e
xe" "/OPT:REF,NOICF" 
"/DEBUG" 
"/PDBALTPATH:%_PDB%" "/
NATVIS:<sysroot>\\lib\\
rustlib\\etc\\intrinsic
.natvis" "/NATVIS:<sysr
oot>\\lib\\rustlib\\etc
\\liballoc.natvis" "/NA
TVIS:<sysroot>\\lib\\ru
stlib\\etc\\libcore.nat
vis" "/NATVIS:<sysroot>
\\lib\\rustlib\\etc\\li
bstd.natvis"
  = note: some 
arguments are omitted. 
use `--verbose` to 
show all linker 
arguments
  = note: link: extra 
operand 'D:\\Gihtub Mai
n\\OrbitPay\\stellar-pa
yment-dapp\\target\\deb
ug\\build\\serde-892da9
79804af6df\\build_scrip
t_build-892da979804af6d
f.build_script_build.78
19596c370d115d-cgu.0.rc
gu.o'
          Try 'link 
--help' for more 
information.
          

error: linking with 
`link.exe` failed: 
exit code: 1
  |
  = note: "link.exe" 
"/NOLOGO" "C:\\Users\\S
HIVAM~1\\AppData\\Local
\\Temp\\rustcHK6TRa\\sy
mbols.o" "<2 object 
files omitted>" 
"D:\\Gihtub Main\\Orbit
Pay\\stellar-payment-da
pp\\target\\debug\\deps
/libversion_check-9c8d1
41b1d2990d7.rlib" "<sys
root>\\lib\\rustlib\\x8
6_64-pc-windows-msvc\\l
ib/{libstd-*,libpanic_u
nwind-*,libcfg_if-*,lib
windows_targets-*,libru
stc_demangle-*,libstd_d
etect-*,libhashbrown-*,
librustc_std_workspace_
alloc-*,libunwind-*,lib
rustc_std_workspace_cor
e-*,liballoc-*,libcore-
*,libcompiler_builtins-
*}.rlib" 
"kernel32.lib" 
"kernel32.lib" 
"kernel32.lib" 
"ntdll.lib" 
"userenv.lib" 
"ws2_32.lib" 
"dbghelp.lib" 
"/defaultlib:msvcrt" 
"/NXCOMPAT" 
"/OUT:D:\\Gihtub Main\\
OrbitPay\\stellar-payme
nt-dapp\\target\\debug\
\build\\generic-array-6
a6cd490f609ae3d\\build_
script_build-6a6cd490f6
09ae3d.exe" 
"/OPT:REF,NOICF" 
"/DEBUG" 
"/PDBALTPATH:%_PDB%" "/
NATVIS:<sysroot>\\lib\\
rustlib\\etc\\intrinsic
.natvis" "/NATVIS:<sysr
oot>\\lib\\rustlib\\etc
\\liballoc.natvis" "/NA
TVIS:<sysroot>\\lib\\ru
stlib\\etc\\libcore.nat
vis" "/NATVIS:<sysroot>
\\lib\\rustlib\\etc\\li
bstd.natvis"
  = note: some 
arguments are omitted. 
use `--verbose` to 
show all linker 
arguments
  = note: link: extra 
operand 'D:\\Gihtub Mai
n\\OrbitPay\\stellar-pa
yment-dapp\\target\\deb
ug\\build\\generic-arra
y-6a6cd490f609ae3d\\bui
ld_script_build-6a6cd49
0f609ae3d.build_script_
build.ea1ba93bb4f2816e-
cgu.0.rcgu.o'
          Try 'link 
--help' for more 
information.
          

error: linking with 
`link.exe` failed: 
exit code: 1
  |
  = note: "link.exe" 
"/NOLOGO" "C:\\Users\\S
HIVAM~1\\AppData\\Local
\\Temp\\rustcBRd4Gt\\sy
mbols.o" "<2 object 
files omitted>" "<sysro
ot>\\lib\\rustlib\\x86_
64-pc-windows-msvc\\lib
/{libstd-*,libpanic_unw
ind-*,libcfg_if-*,libwi
ndows_targets-*,librust
c_demangle-*,libstd_det
ect-*,libhashbrown-*,li
brustc_std_workspace_al
loc-*,libunwind-*,libru
stc_std_workspace_core-
*,liballoc-*,libcore-*,
libcompiler_builtins-*}
.rlib" "kernel32.lib" 
"kernel32.lib" 
"kernel32.lib" 
"ntdll.lib" 
"userenv.lib" 
"ws2_32.lib" 
"dbghelp.lib" 
"/defaultlib:msvcrt" 
"/NXCOMPAT" 
"/OUT:D:\\Gihtub Main\\
OrbitPay\\stellar-payme
nt-dapp\\target\\debug\
\build\\zmij-e4adaa3795
e0fe20\\build_script_bu
ild-e4adaa3795e0fe20.ex
e" "/OPT:REF,NOICF" 
"/DEBUG" 
"/PDBALTPATH:%_PDB%" "/
NATVIS:<sysroot>\\lib\\
rustlib\\etc\\intrinsic
.natvis" "/NATVIS:<sysr
oot>\\lib\\rustlib\\etc
\\liballoc.natvis" "/NA
TVIS:<sysroot>\\lib\\ru
stlib\\etc\\libcore.nat
vis" "/NATVIS:<sysroot>
\\lib\\rustlib\\etc\\li
bstd.natvis"
  = note: some 
arguments are omitted. 
use `--verbose` to 
show all linker 
arguments
  = note: link: extra 
operand 'D:\\Gihtub Mai
n\\OrbitPay\\stellar-pa
yment-dapp\\target\\deb
ug\\build\\zmij-e4adaa3
795e0fe20\\build_script
_build-e4adaa3795e0fe20
.build_script_build.8c4
9e1530067564a-cgu.0.rcg
u.o'
          Try 'link 
--help' for more 
information.
          

error: linking with 
`link.exe` failed: 
exit code: 1
  |
  = note: "link.exe" 
"/NOLOGO" "C:\\Users\\S
HIVAM~1\\AppData\\Local
\\Temp\\rustcMvWJQi\\sy
mbols.o" "<3 object 
files omitted>" "<sysro
ot>\\lib\\rustlib\\x86_
64-pc-windows-msvc\\lib
/{libstd-*,libpanic_unw
ind-*,libcfg_if-*,libwi
ndows_targets-*,librust
c_demangle-*,libstd_det
ect-*,libhashbrown-*,li
brustc_std_workspace_al
loc-*,libunwind-*,libru
stc_std_workspace_core-
*,liballoc-*,libcore-*,
libcompiler_builtins-*}
.rlib" "kernel32.lib" 
"kernel32.lib" 
"kernel32.lib" 
"ntdll.lib" 
"userenv.lib" 
"ws2_32.lib" 
"dbghelp.lib" 
"/defaultlib:msvcrt" 
"/NXCOMPAT" 
"/OUT:D:\\Gihtub Main\\
OrbitPay\\stellar-payme
nt-dapp\\target\\debug\
\build\\proc-macro2-0cd
761d9cc0be7e8\\build_sc
ript_build-0cd761d9cc0b
e7e8.exe" 
"/OPT:REF,NOICF" 
"/DEBUG" 
"/PDBALTPATH:%_PDB%" "/
NATVIS:<sysroot>\\lib\\
rustlib\\etc\\intrinsic
.natvis" "/NATVIS:<sysr
oot>\\lib\\rustlib\\etc
\\liballoc.natvis" "/NA
TVIS:<sysroot>\\lib\\ru
stlib\\etc\\libcore.nat
vis" "/NATVIS:<sysroot>
\\lib\\rustlib\\etc\\li
bstd.natvis"
  = note: some 
arguments are omitted. 
use `--verbose` to 
show all linker 
arguments
  = note: link: extra 
operand 'D:\\Gihtub Mai
n\\OrbitPay\\stellar-pa
yment-dapp\\target\\deb
ug\\build\\proc-macro2-
0cd761d9cc0be7e8\\build
_script_build-0cd761d9c
c0be7e8.build_script_bu
ild.c8c811428b3283df-cg
u.0.rcgu.o'
          Try 'link 
--help' for more 
information.
          

error: linking with 
`link.exe` failed: 
exit code: 1
  |
  = note: "link.exe" 
"/NOLOGO" "C:\\Users\\S
HIVAM~1\\AppData\\Local
\\Temp\\rustcMCCA49\\sy
mbols.o" "<2 object 
files omitted>" "<sysro
ot>\\lib\\rustlib\\x86_
64-pc-windows-msvc\\lib
/{libstd-*,libpanic_unw
ind-*,libcfg_if-*,libwi
ndows_targets-*,librust
c_demangle-*,libstd_det
ect-*,libhashbrown-*,li
brustc_std_workspace_al
loc-*,libunwind-*,libru
stc_std_workspace_core-
*,liballoc-*,libcore-*,
libcompiler_builtins-*}
.rlib" "kernel32.lib" 
"kernel32.lib" 
"kernel32.lib" 
"ntdll.lib" 
"userenv.lib" 
"ws2_32.lib" 
"dbghelp.lib" 
"/defaultlib:msvcrt" 
"/NXCOMPAT" 
"/OUT:D:\\Gihtub Main\\
OrbitPay\\stellar-payme
nt-dapp\\target\\debug\
\build\\serde_json-a6ee
aceb3e3d2f2d\\build_scr
ipt_build-a6eeaceb3e3d2
f2d.exe" 
"/OPT:REF,NOICF" 
"/DEBUG" 
"/PDBALTPATH:%_PDB%" "/
NATVIS:<sysroot>\\lib\\
rustlib\\etc\\intrinsic
.natvis" "/NATVIS:<sysr
oot>\\lib\\rustlib\\etc
\\liballoc.natvis" "/NA
TVIS:<sysroot>\\lib\\ru
stlib\\etc\\libcore.nat
vis" "/NATVIS:<sysroot>
\\lib\\rustlib\\etc\\li
bstd.natvis"
  = note: some 
arguments are omitted. 
use `--verbose` to 
show all linker 
arguments
  = note: link: extra 
operand 'D:\\Gihtub Mai
n\\OrbitPay\\stellar-pa
yment-dapp\\target\\deb
ug\\build\\serde_json-a
6eeaceb3e3d2f2d\\build_
script_build-a6eeaceb3e
3d2f2d.build_script_bui
ld.3fdfeb08ad0edf35-cgu
.0.rcgu.o'
          Try 'link 
--help' for more 
information.
          

error: linking with 
`link.exe` failed: 
exit code: 1
  |
  = note: "link.exe" 
"/NOLOGO" "C:\\Users\\S
HIVAM~1\\AppData\\Local
\\Temp\\rustc0Xnb47\\sy
mbols.o" "<3 object 
files omitted>" "<sysro
ot>\\lib\\rustlib\\x86_
64-pc-windows-msvc\\lib
/{libstd-*,libpanic_unw
ind-*,libcfg_if-*,libwi
ndows_targets-*,librust
c_demangle-*,libstd_det
ect-*,libhashbrown-*,li
brustc_std_workspace_al
loc-*,libunwind-*,libru
stc_std_workspace_core-
*,liballoc-*,libcore-*,
libcompiler_builtins-*}
.rlib" "kernel32.lib" 
"kernel32.lib" 
"kernel32.lib" 
"ntdll.lib" 
"userenv.lib" 
"ws2_32.lib" 
"dbghelp.lib" 
"/defaultlib:msvcrt" 
"/NXCOMPAT" 
"/OUT:D:\\Gihtub Main\\
OrbitPay\\stellar-payme
nt-dapp\\target\\debug\
\build\\serde_core-7579
56c5dcaa544b\\build_scr
ipt_build-757956c5dcaa5
44b.exe" 
"/OPT:REF,NOICF" 
"/DEBUG" 
"/PDBALTPATH:%_PDB%" "/
NATVIS:<sysroot>\\lib\\
rustlib\\etc\\intrinsic
.natvis" "/NATVIS:<sysr
oot>\\lib\\rustlib\\etc
\\liballoc.natvis" "/NA
TVIS:<sysroot>\\lib\\ru
stlib\\etc\\libcore.nat
vis" "/NATVIS:<sysroot>
\\lib\\rustlib\\etc\\li
bstd.natvis"
  = note: some 
arguments are omitted. 
use `--verbose` to 
show all linker 
arguments
  = note: link: extra 
operand 'D:\\Gihtub Mai
n\\OrbitPay\\stellar-pa
yment-dapp\\target\\deb
ug\\build\\serde_core-7
57956c5dcaa544b\\build_
script_build-757956c5dc
aa544b.build_script_bui
ld.245b3451853a051-cgu.
0.rcgu.o'
          Try 'link 
--help' for more 
information.
          

error: linking with 
`link.exe` failed: 
exit code: 1
  |
  = note: "link.exe" 
"/NOLOGO" "C:\\Users\\S
HIVAM~1\\AppData\\Local
\\Temp\\rustccpUTAE\\sy
mbols.o" "<4 object 
files omitted>" "<sysro
ot>\\lib\\rustlib\\x86_
64-pc-windows-msvc\\lib
/{libstd-*,libpanic_unw
ind-*,libcfg_if-*,libwi
ndows_targets-*,librust
c_demangle-*,libstd_det
ect-*,libhashbrown-*,li
brustc_std_workspace_al
loc-*,libunwind-*,libru
stc_std_workspace_core-
*,liballoc-*,libcore-*,
libcompiler_builtins-*}
.rlib" "kernel32.lib" 
"kernel32.lib" 
"kernel32.lib" 
"ntdll.lib" 
"userenv.lib" 
"ws2_32.lib" 
"dbghelp.lib" 
"/defaultlib:msvcrt" 
"/NXCOMPAT" 
"/OUT:D:\\Gihtub Main\\
OrbitPay\\stellar-payme
nt-dapp\\target\\debug\
\build\\typenum-8b372cd
648e06078\\build_script
_build-8b372cd648e06078
.exe" "/OPT:REF,NOICF" 
"/DEBUG" 
"/PDBALTPATH:%_PDB%" "/
NATVIS:<sysroot>\\lib\\
rustlib\\etc\\intrinsic
.natvis" "/NATVIS:<sysr
oot>\\lib\\rustlib\\etc
\\liballoc.natvis" "/NA
TVIS:<sysroot>\\lib\\ru
stlib\\etc\\libcore.nat
vis" "/NATVIS:<sysroot>
\\lib\\rustlib\\etc\\li
bstd.natvis"
  = note: some 
arguments are omitted. 
use `--verbose` to 
show all linker 
arguments
  = note: link: extra 
operand 'D:\\Gihtub Mai
n\\OrbitPay\\stellar-pa
yment-dapp\\target\\deb
ug\\build\\typenum-8b37
2cd648e06078\\build_scr
ipt_build-8b372cd648e06
078.build_script_build.
73356472e9911198-cgu.0.
rcgu.o'
          Try 'link 
--help' for more 
information.
          

error: linking with 
`link.exe` failed: 
exit code: 1
  |
  = note: "link.exe" 
"/NOLOGO" "C:\\Users\\S
HIVAM~1\\AppData\\Local
\\Temp\\rustclFOvhc\\sy
mbols.o" "<6 object 
files omitted>" "<sysro
ot>\\lib\\rustlib\\x86_
64-pc-windows-msvc\\lib
/{libstd-*,libpanic_unw
ind-*,libcfg_if-*,libwi
ndows_targets-*,librust
c_demangle-*,libstd_det
ect-*,libhashbrown-*,li
brustc_std_workspace_al
loc-*,libunwind-*,libru
stc_std_workspace_core-
*,liballoc-*,libcore-*,
libcompiler_builtins-*}
.rlib" "kernel32.lib" 
"kernel32.lib" 
"kernel32.lib" 
"ntdll.lib" 
"userenv.lib" 
"ws2_32.lib" 
"dbghelp.lib" 
"/defaultlib:msvcrt" 
"/NXCOMPAT" 
"/OUT:D:\\Gihtub Main\\
OrbitPay\\stellar-payme
nt-dapp\\target\\debug\
\build\\zerocopy-434d6b
5b16876a60\\build_scrip
t_build-434d6b5b16876a6
0.exe" 
"/OPT:REF,NOICF" 
"/DEBUG" 
"/PDBALTPATH:%_PDB%" "/
NATVIS:<sysroot>\\lib\\
rustlib\\etc\\intrinsic
.natvis" "/NATVIS:<sysr
oot>\\lib\\rustlib\\etc
\\liballoc.natvis" "/NA
TVIS:<sysroot>\\lib\\ru
stlib\\etc\\libcore.nat
vis" "/NATVIS:<sysroot>
\\lib\\rustlib\\etc\\li
bstd.natvis"
  = note: some 
arguments are omitted. 
use `--verbose` to 
show all linker 
arguments
  = note: link: extra 
operand 'D:\\Gihtub Mai
n\\OrbitPay\\stellar-pa
yment-dapp\\target\\deb
ug\\build\\zerocopy-434
d6b5b16876a60\\build_sc
ript_build-434d6b5b1687
6a60.build_script_build
.d028d685e89062cd-cgu.0
.rcgu.o'
          Try 'link 
--help' for more 
information.
          

error: linking with 
`link.exe` failed: 
exit code: 1
  |
  = note: "link.exe" 
"/NOLOGO" "C:\\Users\\S
HIVAM~1\\AppData\\Local
\\Temp\\rustcbvVAZe\\sy
mbols.o" "<2 object 
files omitted>" 
"D:\\Gihtub Main\\Orbit
Pay\\stellar-payment-da
pp\\target\\debug\\deps
/libautocfg-713c8d363d9
980d8.rlib" "<sysroot>\
\lib\\rustlib\\x86_64-p
c-windows-msvc\\lib/{li
bstd-*,libpanic_unwind-
*,libcfg_if-*,libwindow
s_targets-*,librustc_de
mangle-*,libstd_detect-
*,libhashbrown-*,librus
tc_std_workspace_alloc-
*,libunwind-*,librustc_
std_workspace_core-*,li
balloc-*,libcore-*,libc
ompiler_builtins-*}.rli
b" "kernel32.lib" 
"kernel32.lib" 
"kernel32.lib" 
"ntdll.lib" 
"userenv.lib" 
"ws2_32.lib" 
"dbghelp.lib" 
"/defaultlib:msvcrt" 
"/NXCOMPAT" 
"/OUT:D:\\Gihtub Main\\
OrbitPay\\stellar-payme
nt-dapp\\target\\debug\
\build\\num-traits-1969
cee87a31f99e\\build_scr
ipt_build-1969cee87a31f
99e.exe" 
"/OPT:REF,NOICF" 
"/DEBUG" 
"/PDBALTPATH:%_PDB%" "/
NATVIS:<sysroot>\\lib\\
rustlib\\etc\\intrinsic
.natvis" "/NATVIS:<sysr
oot>\\lib\\rustlib\\etc
\\liballoc.natvis" "/NA
TVIS:<sysroot>\\lib\\ru
stlib\\etc\\libcore.nat
vis" "/NATVIS:<sysroot>
\\lib\\rustlib\\etc\\li
bstd.natvis"
  = note: some 
arguments are omitted. 
use `--verbose` to 
show all linker 
arguments
  = note: link: extra 
operand 'D:\\Gihtub Mai
n\\OrbitPay\\stellar-pa
yment-dapp\\target\\deb
ug\\build\\num-traits-1
969cee87a31f99e\\build_
script_build-1969cee87a
31f99e.build_script_bui
ld.96c44a1105d2821e-cgu
.0.rcgu.o'
          Try 'link 
--help' for more 
information.
          

error: linking with 
`link.exe` failed: 
exit code: 1
  |
  = note: "link.exe" 
"/NOLOGO" "C:\\Users\\S
HIVAM~1\\AppData\\Local
\\Temp\\rustccDVY5T\\sy
mbols.o" "<2 object 
files omitted>" 
"D:\\Gihtub Main\\Orbit
Pay\\stellar-payment-da
pp\\target\\debug\\deps
/libversion_check-9c8d1
41b1d2990d7.rlib" "<sys
root>\\lib\\rustlib\\x8
6_64-pc-windows-msvc\\l
ib/{libstd-*,libpanic_u
nwind-*,libcfg_if-*,lib
windows_targets-*,libru
stc_demangle-*,libstd_d
etect-*,libhashbrown-*,
librustc_std_workspace_
alloc-*,libunwind-*,lib
rustc_std_workspace_cor
e-*,liballoc-*,libcore-
*,libcompiler_builtins-
*}.rlib" 
"kernel32.lib" 
"kernel32.lib" 
"kernel32.lib" 
"ntdll.lib" 
"userenv.lib" 
"ws2_32.lib" 
"dbghelp.lib" 
"/defaultlib:msvcrt" 
"/NXCOMPAT" 
"/OUT:D:\\Gihtub Main\\
OrbitPay\\stellar-payme
nt-dapp\\target\\debug\
\build\\generic-array-b
068c38500a62a37\\build_
script_build-b068c38500
a62a37.exe" 
"/OPT:REF,NOICF" 
"/DEBUG" 
"/PDBALTPATH:%_PDB%" "/
NATVIS:<sysroot>\\lib\\
rustlib\\etc\\intrinsic
.natvis" "/NATVIS:<sysr
oot>\\lib\\rustlib\\etc
\\liballoc.natvis" "/NA
TVIS:<sysroot>\\lib\\ru
stlib\\etc\\libcore.nat
vis" "/NATVIS:<sysroot>
\\lib\\rustlib\\etc\\li
bstd.natvis"
  = note: some 
arguments are omitted. 
use `--verbose` to 
show all linker 
arguments
  = note: link: extra 
operand 'D:\\Gihtub Mai
n\\OrbitPay\\stellar-pa
yment-dapp\\target\\deb
ug\\build\\generic-arra
y-b068c38500a62a37\\bui
ld_script_build-b068c38
500a62a37.build_script_
build.a0cf913e911b5eae-
cgu.0.rcgu.o'
          Try 'link 
--help' for more 
information.
          

note: `link.exe` 
returned an unexpected 
error

note: you may need to 
install Visual Studio 
build tools with the 
"C++ build tools" 
workload

error: could not 
compile `num-traits` 
(build script) due to 
1 previous error
warning: build failed, 
waiting for other jobs 
to finish...
error: could not 
compile `quote` (build 
script) due to 1 
previous error
error: could not 
compile `proc-macro2` 
(build script) due to 
1 previous error
error: could not 
compile `zmij` (build 
script) due to 1 
previous error
error: could not 
compile 
`generic-array` (build 
script) due to 1 
previous error
error: could not 
compile `serde_json` 
(build script) due to 
1 previous error
error: could not 
compile `serde_core` 
(build script) due to 
1 previous error
error: could not 
compile `serde` (build 
script) due to 1 
previous error
error: could not 
compile `typenum` 
(build script) due to 
1 previous error
error: could not 
compile `zerocopy` 
(build script) due to 
1 previous error
error: could not 
compile `num-traits` 
(build script) due to 
1 previous error
error: could not 
compile 
`generic-array` (build 
script) due to 1 
previous error
